// Jest Snapshot v1, https://goo.gl/fbAQLP

exports[`R.applySpec(name_spec) 1`] = `"(...args: any[]) => {}"`;

exports[`R.applySpec(name_spec)(fullname) 1`] = `"{}"`;

exports[`R.applySpec<Name>(name_spec) 1`] = `"(...args: any[]) => Name"`;

exports[`R.applySpec<Name>(name_spec)(fullname) 1`] = `"Name"`;
