// Jest Snapshot v1, https://goo.gl/fbAQLP

exports[`R.both(string_predicate) 1`] = `"(fn2: (value: string) => boolean) => (value: string) => boolean"`;

exports[`R.both(string_predicate, string_predicate) 1`] = `"(value: string) => boolean"`;
