// Jest Snapshot v1, https://goo.gl/fbAQLP

exports[`R.comparator(string_string_to_boolean) 1`] = `"(a: string, b: string) => number"`;
