// Jest Snapshot v1, https://goo.gl/fbAQLP

exports[`R.complement(string_string_to_boolean) 1`] = `"(...args: any[]) => boolean"`;

exports[`R.complement(string_string_to_boolean)(string, string) 1`] = `"boolean"`;
