// Jest Snapshot v1, https://goo.gl/fbAQLP

exports[`R.contains(string) 1`] = `"(list: string[] | ArrayLike<string>) => boolean"`;

exports[`R.contains(string, string) 1`] = `"boolean"`;

exports[`R.contains(string, string_array) 1`] = `"boolean"`;
