// Jest Snapshot v1, https://goo.gl/fbAQLP

exports[`R.filter(string_predicate)(string_array) 1`] = `"string[]"`;

exports[`R.filter(string_predicate)(string_dictionary) 1`] = `"Partial<Dictionary<string>>"`;

exports[`R.filter(string_predicate)(string_filterable) 1`] = `"Filterable<string>"`;

exports[`R.filter(string_predicate, string_array) 1`] = `"string[]"`;

exports[`R.filter(string_predicate, string_dictionary) 1`] = `"Partial<Dictionary<string>>"`;

exports[`R.filter(string_predicate, string_filterable) 1`] = `"Filterable<string>"`;
