// Jest Snapshot v1, https://goo.gl/fbAQLP

exports[`R.findLastIndex(string_predicate) 1`] = `"(list: string[] | ArrayLike<string>) => number"`;

exports[`R.findLastIndex(string_predicate)(string_array) 1`] = `"number"`;

exports[`R.findLastIndex(string_predicate, string_array) 1`] = `"number"`;
