// Jest Snapshot v1, https://goo.gl/fbAQLP

exports[`R.forEach(number_tap) 1`] = `"<U extends number[] | ArrayLike<number>>(list: U) => U"`;

exports[`R.forEach(number_tap)(number_list) 1`] = `"number[] | ArrayLike<number>"`;

exports[`R.forEach(number_tap, number_list) 1`] = `"number[] | ArrayLike<number>"`;
