// Jest Snapshot v1, https://goo.gl/fbAQLP

exports[`R.lastIndexOf(string) 1`] = `"(list: string[] | ArrayLike<string>) => number"`;

exports[`R.lastIndexOf(string, string) 1`] = `"number"`;

exports[`R.lastIndexOf(string, string_array) 1`] = `"number"`;
