// Jest Snapshot v1, https://goo.gl/fbAQLP

exports[`R.lensPath(path) 1`] = `"ManualLens<{}, {}>"`;

exports[`R.lensPath<object, number[]>(path) 1`] = `"ManualLens<object, number[]>"`;
