// Jest Snapshot v1, https://goo.gl/fbAQLP

exports[`R.lensIndex(0) 1`] = `"PseudoLens<0>"`;

exports[`R.lensIndex(number) 1`] = `"PseudoLens<number>"`;
