// Jest Snapshot v1, https://goo.gl/fbAQLP

exports[`R.mergeDeepRight(a_1) 1`] = `"(right: object) => object"`;

exports[`R.mergeDeepRight(a_1)(b_2) 1`] = `"object"`;

exports[`R.mergeDeepRight(a_1, b_2) 1`] = `"object"`;
