// Jest Snapshot v1, https://goo.gl/fbAQLP

exports[`R.pair(number) 1`] = `"<V>(value: V) => KeyValuePair<number, V>"`;

exports[`R.pair(number)(object) 1`] = `"KeyValuePair<number, object>"`;

exports[`R.pair(number, object) 1`] = `"KeyValuePair<number, object>"`;
