// Jest Snapshot v1, https://goo.gl/fbAQLP

exports[`R.sort(object_object_to_number) 1`] = `"(list: object[] | ArrayLike<object>) => object[]"`;

exports[`R.sort(object_object_to_number)(object_list) 1`] = `"object[]"`;

exports[`R.sort(object_object_to_number, object_list) 1`] = `"object[]"`;

exports[`R.sort(string_string_to_number) 1`] = `"(list: string[] | ArrayLike<string>) => string[]"`;

exports[`R.sort(string_string_to_number)(string) 1`] = `"string[]"`;

exports[`R.sort(string_string_to_number, string) 1`] = `"string[]"`;
