// Jest Snapshot v1, https://goo.gl/fbAQLP

exports[`R.takeWhile(string_to_boolean) 1`] = `"(list: string[] | ArrayLike<string>) => string[]"`;

exports[`R.takeWhile(string_to_boolean, string_array) 1`] = `"string[]"`;
