// Jest Snapshot v1, https://goo.gl/fbAQLP

exports[`R.unapply(number_array_to_string) 1`] = `"(...args: any[]) => string"`;

exports[`R.unapply(number_array_to_string)(...number_array) 1`] = `"string"`;
