// Jest Snapshot v1, https://goo.gl/fbAQLP

exports[`R.zip(number_array) 1`] = `"<U>(b: U[] | ArrayLike<U>) => [number, U][]"`;

exports[`R.zip(number_array)(string_array) 1`] = `"[number, string][]"`;

exports[`R.zip(number_array, string_array) 1`] = `"[number, string][]"`;
